[08:45:35] [ServerMain/INFO]: [bootstrap] Running Java 21 (OpenJDK 64-Bit Server VM 21.0.5+11-Ubuntu-1ubuntu124.04; Ubuntu null) on Linux 6.8.0-1030-azure (amd64)
[08:45:35] [ServerMain/INFO]: [bootstrap] Loading Paper 1.21.10-76-main@81b7a57 (2025-10-16T13:42:14Z) for Minecraft 1.21.10
[08:45:35] [ServerMain/INFO]: [PluginInitializerManager] Initializing plugins...
[08:45:36] [ServerMain/INFO]: [PluginInitializerManager] Initialized 1 plugin
[08:45:36] [ServerMain/INFO]: [PluginInitializerManager] Bukkit plugins (1):
 - SkinsRestorer (15.8.2)
[08:45:43] [ServerMain/INFO]: Environment: Environment[sessionHost=https://sessionserver.mojang.com, servicesHost=https://api.minecraftservices.com, profilesHost=https://api.mojang.com, name=PROD]
[08:45:44] [ServerMain/ERROR]: Couldn't load file/Inventory Keeper overlays metadata: Overlay "data" declares support for version newer than 81, but is missing mandatory fields min_format and max_format
[08:45:44] [ServerMain/ERROR]: Couldn't load file/BedXP Datapack 1.21.9 pack metadata: Pack declares support for version newer than 81, but is missing mandatory fields min_format and max_format
[08:45:47] [ServerMain/INFO]: Loaded 1462 recipes
[08:45:47] [ServerMain/INFO]: Loaded 1579 advancements
[08:45:47] [ServerMain/INFO]: [ca.spottedleaf.dataconverter.minecraft.datatypes.MCTypeRegistry] Initialising converters for DataConverter...
[08:45:48] [ServerMain/INFO]: [ca.spottedleaf.dataconverter.minecraft.datatypes.MCTypeRegistry] Finished initialising converters for DataConverter in 631.2ms
[08:45:48] [Server thread/INFO]: Starting minecraft server version 1.21.10
[08:45:48] [Server thread/INFO]: Loading properties
[08:45:48] [Server thread/INFO]: This server is running Paper version 1.21.10-76-main@81b7a57 (2025-10-16T13:42:14Z) (Implementing API version 1.21.10-R0.1-SNAPSHOT)
[08:45:48] [Server thread/INFO]: [spark] This server bundles the spark profiler. For more information please visit https://docs.papermc.io/paper/profiling
[08:45:48] [Server thread/INFO]: Server Ping Player Sample Count: 12
[08:45:48] [Server thread/INFO]: Using 4 threads for Netty based IO
[08:45:50] [Server thread/INFO]: [MoonriseCommon] Paper is using 1 worker threads, 1 I/O threads
[08:45:50] [Server thread/INFO]: Default game type: SURVIVAL
[08:45:50] [Server thread/INFO]: Generating keypair
[08:45:50] [Server thread/INFO]: Starting Minecraft server on *:25565
[08:45:50] [Server thread/INFO]: Using epoll channel type
[08:45:50] [Server thread/INFO]: Paper: Using libdeflate (Linux x86_64) compression from Velocity.
[08:45:50] [Server thread/INFO]: Paper: Using OpenSSL 3.x.x (Linux x86_64) cipher from Velocity.
[08:45:51] [Server thread/INFO]: [SkinsRestorer] Loading server plugin SkinsRestorer v15.8.2
[08:45:51] [Server thread/INFO]: Server permissions file permissions.yml is empty, ignoring it
[08:45:51] [Server thread/INFO]: [SkinsRestorer] Enabling SkinsRestorer v15.8.2
[08:45:52] [Server thread/INFO]: [SkinsRestorer] Running on Minecraft 1.21.10.
[08:45:53] [Server thread/WARN]: [SkinsRestorer] "SkinsRestorer v15.8.2" has registered a listener for org.spigotmc.event.player.PlayerSpawnLocationEvent on method "void net.skinsrestorer.shadow.cloud.bukkit.CloudBukkitListener.onPlayerLogin(org.spigotmc.event.player.PlayerSpawnLocationEvent)", but the event is Deprecated. "Listening to this event causes the player to be created early. Using the player from this event will result in undefined behavior. Prefer AsyncPlayerSpawnLocationEvent."; please notify the authors [knat, AlexProgrammerDE, Th3Tr0LLeR, McLive, DoNotSpamPls].
[08:45:53] [Server thread/INFO]: [SkinsRestorer] Using paper join listener!
[08:45:53] [Server thread/WARN]: **** SERVER IS RUNNING IN OFFLINE/INSECURE MODE!
[08:45:53] [Server thread/WARN]: The server will make no attempt to authenticate usernames. Beware.
[08:45:53] [Server thread/WARN]: While this makes the game possible to play without internet access, it also opens up the ability for hackers to connect with any username they choose.
[08:45:53] [Server thread/WARN]: To change this, set "online-mode" to "true" in the server.properties file.
[08:45:53] [Server thread/INFO]: Preparing level "world"
[08:45:53] [Folia Async Scheduler Thread #1/INFO]: [SkinsRestorer] ----------------------------------------------
[08:45:53] [Folia Async Scheduler Thread #1/INFO]: [SkinsRestorer]     +==================+
[08:45:53] [Folia Async Scheduler Thread #1/INFO]: [SkinsRestorer]     |   SkinsRestorer  |
[08:45:53] [Folia Async Scheduler Thread #1/INFO]: [SkinsRestorer]     |------------------|
[08:45:53] [Folia Async Scheduler Thread #1/INFO]: [SkinsRestorer]     |  Standalone Mode |
[08:45:53] [Folia Async Scheduler Thread #1/INFO]: [SkinsRestorer]     +==================+
[08:45:53] [Folia Async Scheduler Thread #1/INFO]: [SkinsRestorer] ----------------------------------------------
[08:45:53] [Folia Async Scheduler Thread #1/INFO]: [SkinsRestorer]     Version: 15.8.2
[08:45:53] [Folia Async Scheduler Thread #1/INFO]: [SkinsRestorer]     Commit: cf773a3
[08:45:53] [Folia Async Scheduler Thread #1/INFO]: [SkinsRestorer]     This is the latest version!
[08:45:53] [Folia Async Scheduler Thread #1/INFO]: [SkinsRestorer] ----------------------------------------------
[08:45:53] [Folia Async Scheduler Thread #1/INFO]: [SkinsRestorer] Do you have issues? Read our troubleshooting guide: https://skinsrestorer.net/docs/troubleshooting
[08:45:53] [Folia Async Scheduler Thread #1/INFO]: [SkinsRestorer] Want to support SkinsRestorer? Consider donating: https://skinsrestorer.net/donate
[08:45:54] [Server thread/INFO]: Loading 0 persistent chunks for world 'minecraft:overworld'...
[08:45:54] [Server thread/INFO]: Prepared spawn area in 0 ms
[08:45:54] [Server thread/INFO]: Loading 0 persistent chunks for world 'minecraft:the_nether'...
[08:45:54] [Server thread/INFO]: Prepared spawn area in 0 ms
[08:45:54] [Server thread/INFO]: Loading 0 persistent chunks for world 'minecraft:the_end'...
[08:45:54] [Server thread/INFO]: Prepared spawn area in 5 ms
[08:45:54] [Server thread/INFO]: Done preparing level "world" (0.946s)
[08:45:54] [Server thread/INFO]: [spark] Starting background profiler...
[08:45:55] [Server thread/INFO]: Running delayed init tasks
[08:45:55] [Server thread/INFO]: Done (21.431s)! For help, type "help"
[08:46:12] [User Authenticator #0/INFO]: UUID of player theHULK is 57880c86-f36c-3a31-8f71-b7949fa31427
[08:46:14] [Server thread/INFO]: theHULK joined the game
[08:46:14] [Server thread/INFO]: theHULK[/172.17.0.1:53062] logged in with entity id 1 at ([world]-523.5933664089966, 68.0, 8.858535020942814)
[09:04:43] [Server thread/INFO]: theHULK has made the advancement [Hot Stuff]
[09:09:05] [Server thread/INFO]: theHULK issued server command: /give theHULK minecraft:diorite 64
[09:09:05] [Server thread/INFO]: [theHULK: Gave 64 [Diorite] to theHULK]
[09:40:30] [Server thread/INFO]: theHULK lost connection: Disconnected
[09:40:30] [Server thread/INFO]: theHULK left the game
[09:40:36] [Server thread/INFO]: Stopping the server
[09:40:36] [Server thread/INFO]: Stopping server
[09:40:36] [Server thread/INFO]: [SkinsRestorer] Disabling SkinsRestorer v15.8.2
[09:40:36] [Server thread/INFO]: Saving players
[09:40:36] [Server thread/INFO]: Saving worlds
[09:40:36] [Server thread/INFO]: Saving chunks for level 'ServerLevel[world]'/minecraft:overworld
[09:40:36] [Server thread/INFO]: [ChunkHolderManager] Waiting 60s for chunk system to halt for world 'world'
[09:40:36] [Server thread/INFO]: [ChunkHolderManager] Halted chunk system for world 'world'
[09:40:36] [Server thread/INFO]: [ChunkHolderManager] Saving all chunkholders for world 'world'
[09:40:36] [Server thread/INFO]: [ChunkHolderManager] Saved 22 block chunks, 223 entity chunks, 0 poi chunks in world 'world' in 0.16s
[09:40:36] [Server thread/INFO]: [ChunkHolderManager] Waiting 60s for chunk I/O to halt for world 'world'
[09:40:36] [Server thread/INFO]: [ChunkHolderManager] Halted I/O scheduler for world 'world'
[09:40:36] [Server thread/INFO]: Saving chunks for level 'ServerLevel[world_nether]'/minecraft:the_nether
[09:40:36] [Server thread/INFO]: [ChunkHolderManager] Waiting 60s for chunk system to halt for world 'world_nether'
[09:40:36] [Server thread/INFO]: [ChunkHolderManager] Halted chunk system for world 'world_nether'
[09:40:36] [Server thread/INFO]: [ChunkHolderManager] Saving all chunkholders for world 'world_nether'
[09:40:36] [Server thread/INFO]: [ChunkHolderManager] Saved 0 block chunks, 0 entity chunks, 0 poi chunks in world 'world_nether' in 0.00s
[09:40:36] [Server thread/INFO]: [ChunkHolderManager] Waiting 60s for chunk I/O to halt for world 'world_nether'
[09:40:36] [Server thread/INFO]: [ChunkHolderManager] Halted I/O scheduler for world 'world_nether'
[09:40:36] [Server thread/INFO]: Saving chunks for level 'ServerLevel[world_the_end]'/minecraft:the_end
[09:40:36] [Server thread/INFO]: [ChunkHolderManager] Waiting 60s for chunk system to halt for world 'world_the_end'
[09:40:36] [Server thread/INFO]: [ChunkHolderManager] Halted chunk system for world 'world_the_end'
[09:40:36] [Server thread/INFO]: [ChunkHolderManager] Saving all chunkholders for world 'world_the_end'
[09:40:36] [Server thread/INFO]: [ChunkHolderManager] Saved 0 block chunks, 0 entity chunks, 0 poi chunks in world 'world_the_end' in 0.00s
[09:40:36] [Server thread/INFO]: [ChunkHolderManager] Waiting 60s for chunk I/O to halt for world 'world_the_end'
[09:40:36] [Server thread/INFO]: [ChunkHolderManager] Halted I/O scheduler for world 'world_the_end'
[09:40:36] [Server thread/INFO]: ThreadedAnvilChunkStorage (world): All chunks are saved
[09:40:36] [Server thread/INFO]: ThreadedAnvilChunkStorage (DIM-1): All chunks are saved
[09:40:36] [Server thread/INFO]: ThreadedAnvilChunkStorage (DIM1): All chunks are saved
[09:40:36] [Server thread/INFO]: ThreadedAnvilChunkStorage: All dimensions are saved
[09:40:36] [Server thread/INFO]: Waiting for all RegionFile I/O tasks to complete...
[09:40:36] [Server thread/INFO]: All RegionFile I/O tasks to complete
[09:40:36] [Server thread/INFO]: [MoonriseCommon] Awaiting termination of worker pool for up to 60s...
[09:40:36] [Server thread/INFO]: [MoonriseCommon] Awaiting termination of I/O pool for up to 60s...
