[09:09:54] [ServerMain/INFO]: Environment: Environment[sessionHost=https://sessionserver.mojang.com, servicesHost=https://api.minecraftservices.com, name=PROD]
[09:09:55] [ServerMain/WARN]: Missing data pack fabric
[09:09:55] [ServerMain/WARN]: Missing data pack fabric-convention-tags-v2
[09:09:58] [ServerMain/INFO]: Loaded 1292 recipes
[09:09:58] [ServerMain/INFO]: Loaded 1403 advancements
[09:09:59] [Server thread/INFO]: Starting minecraft server version 1.21.1
[09:09:59] [Server thread/INFO]: Loading properties
[09:09:59] [Server thread/INFO]: Default game type: SURVIVAL
[09:09:59] [Server thread/INFO]: Generating keypair
[09:09:59] [Server thread/INFO]: Starting Minecraft server on *:25565
[09:09:59] [Server thread/INFO]: Using epoll channel type
[09:09:59] [Server thread/WARN]: **** SERVER IS RUNNING IN OFFLINE/INSECURE MODE!
[09:09:59] [Server thread/WARN]: The server will make no attempt to authenticate usernames. Beware.
[09:09:59] [Server thread/WARN]: While this makes the game possible to play without internet access, it also opens up the ability for hackers to connect with any username they choose.
[09:09:59] [Server thread/WARN]: To change this, set "online-mode" to "true" in the server.properties file.
[09:09:59] [Server thread/INFO]: Preparing level "world"
[09:09:59] [Server thread/INFO]: Preparing start region for dimension minecraft:overworld
[09:10:00] [Worker-Main-1/INFO]: Preparing spawn area: 0%
[09:10:00] [Server thread/INFO]: Time elapsed: 445 ms
[09:10:00] [Server thread/INFO]: Done (0.601s)! For help, type "help"
[09:14:16] [Server thread/INFO]: bankaionma727[/172.17.0.1:49084] logged in with entity id 1 at (0.5, 61.0, 0.5)
[09:14:16] [Server thread/INFO]: bankaionma727 joined the game
[09:14:47] [Server thread/INFO]: bankaionma727 lost connection: Disconnected
[09:14:47] [Server thread/INFO]: bankaionma727 left the game
[09:15:54] [Server thread/INFO]: bankaionma727[/172.17.0.1:53090] logged in with entity id 14 at (0.5, 61.0, 0.5)
[09:15:54] [Server thread/INFO]: bankaionma727 joined the game
[09:16:52] [Server thread/INFO]: bankaionma727 lost connection: Disconnected
[09:16:52] [Server thread/INFO]: bankaionma727 left the game
[09:22:35] [Server thread/INFO]: bankaionma727[/172.17.0.1:41970] logged in with entity id 32 at (0.5, 61.0, 0.5)
[09:22:35] [Server thread/INFO]: bankaionma727 joined the game
[09:23:28] [Server thread/INFO]: bankaionma727 fell out of the world
[09:24:13] [Server thread/INFO]: bankaionma727 lost connection: Disconnected
[09:24:13] [Server thread/INFO]: bankaionma727 left the game
[09:24:15] [Server thread/INFO]: Made bankaionma727 a server operator
[09:24:37] [Server thread/INFO]: bankaionma727[/172.17.0.1:56960] logged in with entity id 47 at (0.4532232920344139, 61.0, 0.5409022835465167)
[09:24:38] [Server thread/INFO]: bankaionma727 joined the game
[09:25:08] [Server thread/INFO]: bankaionma727 lost connection: Timed out
[09:25:08] [Server thread/INFO]: bankaionma727 left the game
[09:25:08] [Server thread/WARN]: handleDisconnection() called twice
[09:25:57] [Server thread/INFO]: bankaionma727[/172.17.0.1:34128] logged in with entity id 49 at (0.4532232920344139, 61.3, 0.5409022835465167)
[09:25:57] [Server thread/INFO]: bankaionma727 joined the game
[09:26:38] [Server thread/INFO]: Made bankaionma727 no longer a server operator
[09:26:51] [Server thread/INFO]: bankaionma727 lost connection: Disconnected
[09:26:51] [Server thread/INFO]: bankaionma727 left the game
[09:27:20] [Server thread/INFO]: Stopping the server
[09:27:20] [Server thread/INFO]: Stopping server
[09:27:20] [Server thread/INFO]: Saving players
[09:27:20] [Server thread/INFO]: Saving worlds
[09:27:20] [Server thread/INFO]: Saving chunks for level 'ServerLevel[§9OneBlock §eReborn]'/minecraft:overworld
[09:27:20] [Server thread/INFO]: Saving chunks for level 'ServerLevel[§9OneBlock §eReborn]'/minecraft:the_end
[09:27:20] [Server thread/INFO]: Saving chunks for level 'ServerLevel[§9OneBlock §eReborn]'/minecraft:the_nether
[09:27:20] [Server thread/INFO]: ThreadedAnvilChunkStorage (world): All chunks are saved
[09:27:20] [Server thread/INFO]: ThreadedAnvilChunkStorage (DIM1): All chunks are saved
[09:27:20] [Server thread/INFO]: ThreadedAnvilChunkStorage (DIM-1): All chunks are saved
[09:27:20] [Server thread/INFO]: ThreadedAnvilChunkStorage: All dimensions are saved
