[07:35:32] [ServerMain/INFO]: Environment: Environment[sessionHost=https://sessionserver.mojang.com, servicesHost=https://api.minecraftservices.com, profilesHost=https://api.mojang.com, name=PROD]
[07:35:33] [ServerMain/INFO]: No existing world data, creating new world
[07:35:35] [ServerMain/INFO]: Loaded 1461 recipes
[07:35:35] [ServerMain/INFO]: Loaded 1574 advancements
[07:35:35] [Server thread/INFO]: Starting minecraft server version 1.21.10
[07:35:35] [Server thread/INFO]: Loading properties
[07:35:35] [Server thread/INFO]: Default game type: SURVIVAL
[07:35:35] [Server thread/INFO]: Generating keypair
[07:35:35] [Server thread/INFO]: Starting Minecraft server on *:25565
[07:35:35] [Server thread/INFO]: Using epoll channel type
[07:35:35] [Server thread/WARN]: **** SERVER IS RUNNING IN OFFLINE/INSECURE MODE!
[07:35:35] [Server thread/WARN]: The server will make no attempt to authenticate usernames. Beware.
[07:35:35] [Server thread/WARN]: While this makes the game possible to play without internet access, it also opens up the ability for hackers to connect with any username they choose.
[07:35:35] [Server thread/WARN]: To change this, set "online-mode" to "true" in the server.properties file.
[07:35:35] [Server thread/INFO]: Preparing level "world"
[07:35:36] [Server thread/INFO]: Selecting global world spawn...
[07:35:47] [Server thread/INFO]: Loading 0 persistent chunks...
[07:35:47] [Server thread/INFO]: Preparing spawn area: 100%
[07:35:47] [Server thread/INFO]: Time elapsed: 10881 ms
[07:35:47] [Server thread/INFO]: Done (11.378s)! For help, type "help"
[07:36:47] [Server thread/INFO]: Server empty for 60 seconds, pausing
[07:37:17] [Server thread/INFO]: Drakiii[/172.17.0.1:52298] logged in with entity id 33 at (-40.5, 71.0, -57.5)
[07:37:17] [Server thread/INFO]: Drakiii joined the game
[07:37:28] [Server thread/INFO]: Gamerule playersSleepingPercentage is now set to: 10
[07:38:47] [Server thread/INFO]: Drakiii lost connection: Timed out
[07:38:47] [Server thread/INFO]: Drakiii left the game
[07:39:12] [Server thread/INFO]: Drakiii[/172.17.0.1:39846] logged in with entity id 852 at (-56.041672762543975, 64.0, -53.57648411803997)
[07:39:12] [Server thread/INFO]: Drakiii joined the game
[07:39:58] [Server thread/INFO]: theHULK[/172.17.0.1:33346] logged in with entity id 1048 at (-35.5, 68.0, -41.5)
[07:39:58] [Server thread/INFO]: theHULK joined the game
[07:40:09] [Server thread/INFO]: [theHULK: Set own game mode to Creative Mode]
[07:41:26] [Server thread/INFO]: [theHULK: Set own game mode to Survival Mode]
[07:47:01] [Server thread/INFO]: [theHULK: Set the time to 1000]
[07:47:23] [Server thread/INFO]: [theHULK: Set own game mode to Creative Mode]
[07:48:34] [Server thread/INFO]: [theHULK: Set own game mode to Survival Mode]
[07:56:36] [Server thread/INFO]: Drakiii has made the advancement [Stone Age]
[07:56:41] [Server thread/INFO]: theHULK has made the advancement [Sweet Dreams]
[07:58:07] [Server thread/INFO]: bankaionma772[/172.17.0.1:47454] logged in with entity id 3709 at (-29.5, 71.0, -38.5)
[07:58:07] [Server thread/INFO]: bankaionma772 joined the game
[07:58:10] [Server thread/INFO]: theHULK has made the advancement [Stone Age]
[07:59:04] [Server thread/INFO]: theHULK has made the advancement [Getting an Upgrade]
[07:59:38] [Server thread/INFO]: Drakiii has made the advancement [Getting an Upgrade]
[08:00:06] [Server thread/INFO]: bankaionma772 has made the advancement [Stone Age]
[08:00:46] [Server thread/INFO]: bankaionma772 has made the advancement [Getting an Upgrade]
[08:01:22] [Server thread/INFO]: [theHULK: Whitelist is now turned on]
[08:01:28] [Server thread/INFO]: [theHULK: Added bankaionma772 to the whitelist]
[08:01:33] [Server thread/INFO]: [theHULK: Added Drakiii to the whitelist]
[08:01:37] [Server thread/INFO]: [theHULK: Added theHULK to the whitelist]
[08:03:43] [Server thread/INFO]: Drakiii was slain by bankaionma772
[08:09:51] [Server thread/INFO]: bankaionma772 has made the advancement [Acquire Hardware]
[08:10:29] [Server thread/INFO]: [theHULK: Set own game mode to Creative Mode]
[08:10:33] [Server thread/INFO]: bankaionma772 lost connection: Disconnected
[08:10:33] [Server thread/INFO]: bankaionma772 left the game
[08:10:41] [Server thread/INFO]: [theHULK: Set own game mode to Survival Mode]
[08:10:48] [Server thread/INFO]: bankaionma772[/172.17.0.1:57532] logged in with entity id 8392 at (-563.5495589595142, 67.16610926093821, 16.84727780968675)
[08:10:48] [Server thread/INFO]: bankaionma772 joined the game
[08:11:48] [Server thread/INFO]: bankaionma772 lost connection: Timed out
[08:11:48] [Server thread/INFO]: bankaionma772 left the game
[08:11:58] [Server thread/INFO]: theHULK has made the advancement [Suit Up]
[08:12:03] [Server thread/INFO]: bankaionma772[/172.17.0.1:47112] logged in with entity id 8819 at (-554.6607755806152, 70.0, -39.617943039767916)
[08:12:03] [Server thread/INFO]: bankaionma772 joined the game
[08:15:12] [Server thread/WARN]: Mismatch in destroy block pos: ja{x=-501, y=67, z=-21} ja{x=-503, y=67, z=-21}
[08:16:05] [Server thread/INFO]: bankaionma772 has made the advancement [Diamonds!]
[08:16:10] [Server thread/INFO]: bankaionma772 has made the advancement [Suit Up]
[08:16:40] [Server thread/WARN]: Mismatch in destroy block pos: ja{x=-508, y=67, z=-21} ja{x=-506, y=66, z=-22}
[08:16:40] [Server thread/WARN]: Mismatch in destroy block pos: ja{x=-508, y=67, z=-21} ja{x=-506, y=66, z=-22}
[08:16:42] [Server thread/WARN]: Mismatch in destroy block pos: ja{x=-506, y=68, z=-20} ja{x=-507, y=66, z=-22}
[08:16:42] [Server thread/WARN]: Mismatch in destroy block pos: ja{x=-506, y=68, z=-20} ja{x=-507, y=66, z=-22}
[08:16:43] [Server thread/WARN]: Mismatch in destroy block pos: ja{x=-506, y=68, z=-27} ja{x=-507, y=66, z=-28}
[08:18:05] [Server thread/INFO]: bankaionma772 has made the advancement [Sweet Dreams]
[08:23:50] [Server thread/INFO]: bankaionma772 has made the advancement [Monster Hunter]
[08:28:06] [Server thread/INFO]: bankaionma772 has made the advancement [Isn't It Iron Pick]
[08:28:51] [Server thread/INFO]: Drakiii has made the advancement [Sweet Dreams]
[08:30:27] [Server thread/INFO]: bankaionma772 has made the advancement [Not Today, Thank You]
[08:34:09] [Server thread/INFO]: bankaionma772 was slain by Zombie
[08:39:33] [Server thread/INFO]: Drakiii lost connection: Timed out
[08:39:33] [Server thread/INFO]: Drakiii left the game
[08:39:35] [Server thread/INFO]: theHULK has made the advancement [Acquire Hardware]
[08:39:50] [Server thread/INFO]: Drakiii[/172.17.0.1:46882] logged in with entity id 21395 at (-802.1158229975686, 69.9375, 140.00823863047694)
[08:39:50] [Server thread/INFO]: Drakiii joined the game
[08:50:18] [Server thread/INFO]: [theHULK: Teleported Drakiii to theHULK]
[08:54:29] [Server thread/WARN]: Mismatch in destroy block pos: ja{x=-774, y=80, z=-559} ja{x=-773, y=78, z=-558}
[08:58:30] [Server thread/INFO]: Drakiii lost connection: Disconnected
[08:58:30] [Server thread/INFO]: Drakiii left the game
[08:59:44] [Server thread/WARN]: bankaionma772 was kicked for floating too long!
[08:59:44] [Server thread/INFO]: bankaionma772 lost connection: Flying is not enabled on this server
[08:59:44] [Server thread/INFO]: bankaionma772 left the game
[09:00:07] [Server thread/INFO]: bankaionma772[/172.17.0.1:41248] logged in with entity id 32845 at (-938.1337302413648, 83.24918707874468, -1543.0928222310074)
[09:00:07] [Server thread/INFO]: bankaionma772 joined the game
[09:02:08] [Server thread/INFO]: Villager cyx['Farmer'/6518, l='ServerLevel[world]', x=-570.94, y=67.00, z=-45.32] died, message: 'Farmer was slain by Zombie'
[09:04:01] [Server thread/INFO]: [theHULK: Teleported bankaionma772 to theHULK]
[09:07:44] [Server thread/WARN]: Mismatch in destroy block pos: ja{x=-480, y=68, z=24} ja{x=-478, y=68, z=24}
[09:18:46] [Server thread/INFO]: theHULK lost connection: Disconnected
[09:18:46] [Server thread/INFO]: theHULK left the game
[09:18:57] [Server thread/INFO]: bankaionma772 lost connection: Disconnected
[09:18:57] [Server thread/INFO]: bankaionma772 left the game
[09:19:57] [Server thread/INFO]: Server empty for 60 seconds, pausing
[09:20:54] [Server thread/INFO]: theHULK[/172.17.0.1:42546] logged in with entity id 37396 at (-494.1819187883433, 70.0, -4.278761263706403)
[09:20:54] [Server thread/INFO]: theHULK joined the game
[09:29:39] [Server thread/INFO]: Villager cyx['Villager'/37471, l='ServerLevel[world]', x=-587.19, y=67.00, z=-0.70] died, message: 'Villager was slain by Drowned'
[09:32:08] [Server thread/INFO]: theHULK lost connection: Disconnected
[09:32:08] [Server thread/INFO]: theHULK left the game
[09:32:14] [Server thread/INFO]: theHULK[/172.17.0.1:47620] logged in with entity id 38695 at (-495.4529779368518, 68.0, -7.1708075765763875)
[09:32:14] [Server thread/INFO]: theHULK joined the game
[09:34:32] [Server thread/WARN]: Mismatch in destroy block pos: ja{x=-546, y=67, z=-11} ja{x=-545, y=66, z=-12}
[09:34:33] [Server thread/WARN]: Mismatch in destroy block pos: ja{x=-546, y=67, z=-9} ja{x=-547, y=66, z=-9}
[09:34:38] [Server thread/WARN]: Mismatch in destroy block pos: ja{x=-530, y=67, z=-5} ja{x=-532, y=66, z=-5}
[09:37:12] [Server thread/WARN]: Mismatch in destroy block pos: ja{x=-509, y=67, z=44} ja{x=-509, y=65, z=40}
[09:37:19] [Server thread/WARN]: Mismatch in destroy block pos: ja{x=-512, y=66, z=40} ja{x=-513, y=64, z=40}
[09:38:56] [Server thread/INFO]: bankaionma772[/172.17.0.1:52626] logged in with entity id 40104 at (-494.5, 68.0, -8.5)
[09:38:56] [Server thread/INFO]: bankaionma772 joined the game
[09:44:24] [Server thread/WARN]: Mismatch in destroy block pos: ja{x=-555, y=69, z=-16} ja{x=-555, y=67, z=-16}
[10:00:16] [Server thread/INFO]: bankaionma772 has made the advancement [Voluntary Exile]
[10:03:43] [Server thread/INFO]: theHULK has made the advancement [Monster Hunter]
[10:30:15] [Server thread/INFO]: bankaionma772 lost connection: Timed out
[10:30:15] [Server thread/INFO]: bankaionma772 left the game
[10:36:09] [Server thread/INFO]: theHULK has made the advancement [A Seedy Place]
[11:05:36] [Server thread/INFO]: theHULK lost connection: Disconnected
[11:05:36] [Server thread/INFO]: theHULK left the game
[11:06:36] [Server thread/INFO]: Server empty for 60 seconds, pausing
[11:08:56] [Server thread/INFO]: theHULK[/172.17.0.1:40526] logged in with entity id 54390 at (-499.0788171283304, 68.0, 22.814376014139654)
[11:08:56] [Server thread/INFO]: theHULK joined the game
[11:10:06] [Server thread/INFO]: theHULK lost connection: Disconnected
[11:10:06] [Server thread/INFO]: theHULK left the game
[11:11:06] [Server thread/INFO]: Server empty for 60 seconds, pausing
[11:12:14] [Server thread/INFO]: theHULK[/172.17.0.1:37532] logged in with entity id 54740 at (-493.8938221828991, 67.0, 30.81471121246703)
[11:12:14] [Server thread/INFO]: theHULK joined the game
[11:47:31] [Server thread/INFO]: [theHULK: Set own game mode to Creative Mode]
[11:54:25] [Server thread/INFO]: [theHULK: Set own game mode to Survival Mode]
[11:55:11] [Server thread/INFO]: [theHULK: Set own game mode to Creative Mode]
[12:00:47] [Server thread/INFO]: [theHULK: Set own game mode to Survival Mode]
[12:04:51] [Server thread/INFO]: [theHULK: Set own game mode to Creative Mode]
[12:04:54] [Server thread/INFO]: [theHULK: Set own game mode to Survival Mode]
[12:06:05] [Server thread/INFO]: [theHULK: Set own game mode to Creative Mode]
[12:08:25] [Server thread/INFO]: [theHULK: Set own game mode to Survival Mode]
[12:29:45] [Server thread/INFO]: theHULK has made the advancement [Fishy Business]
[13:23:42] [Server thread/INFO]: theHULK lost connection: Disconnected
[13:23:42] [Server thread/INFO]: theHULK left the game
[13:23:50] [Server thread/INFO]: Stopping the server
[13:23:50] [Server thread/INFO]: Stopping server
[13:23:50] [Server thread/INFO]: Saving players
[13:23:50] [Server thread/INFO]: Saving worlds
[13:23:50] [Server thread/INFO]: Saving chunks for level 'ServerLevel[world]'/minecraft:overworld
[13:23:50] [Server thread/INFO]: Saving chunks for level 'ServerLevel[world]'/minecraft:the_end
[13:23:50] [Server thread/INFO]: Saving chunks for level 'ServerLevel[world]'/minecraft:the_nether
[13:23:50] [Server thread/INFO]: ThreadedAnvilChunkStorage (world): All chunks are saved
[13:23:50] [Server thread/INFO]: ThreadedAnvilChunkStorage (DIM1): All chunks are saved
[13:23:50] [Server thread/INFO]: ThreadedAnvilChunkStorage (DIM-1): All chunks are saved
[13:23:50] [Server thread/INFO]: ThreadedAnvilChunkStorage: All dimensions are saved
